// Jest Snapshot v1, https://goo.gl/fbAQLP

exports[`custom schema: insert destinationSync 1`] = `
{
  "house": [
    {
      "id": 112,
      "name": "White",
    },
  ],
}
`;

exports[`custom schema: insert infer table schema 1`] = `
[
  "CREATE TABLE "house" (
	"id" integer,
	"name" text
);
",
]
`;

exports[`custom schema: insert multiple destinationSync 1`] = `
{
  "account": [
    {
      "id": 555,
      "name": "Bank",
    },
  ],
  "trxn": [
    {
      "id": 555,
    },
  ],
}
`;

exports[`custom schema: insert multiple infer table schema 1`] = `
[
  "CREATE TABLE "account" (
	"id" integer,
	"name" text
);
",
  "CREATE TABLE "trxn" (
	"id" integer
);
",
]
`;

exports[`custom schema: mixed destinationSync 1`] = `
{
  "good": [
    {
      "id": 5,
      "name": "B",
    },
  ],
  "life": [
    {
      "code": "C",
      "id": 1,
    },
  ],
}
`;

exports[`custom schema: mixed infer table schema 1`] = `
[
  "CREATE TABLE "good" (
	"id" integer,
	"name" text
);
",
  "CREATE UNIQUE INDEX "good_upsert_keys" ON "good" USING btree ("id");",
  "CREATE TABLE "life" (
	"id" integer,
	"code" text
);
",
  "CREATE UNIQUE INDEX "life_upsert_keys" ON "life" USING btree ("id");",
]
`;

exports[`custom schema: upsert composite keys destinationSync 1`] = `
{
  "transaction": [
    {
      "amount": 1.23,
      "array_value": [
        {
          "key": "value",
        },
      ],
      "id": "1",
      "intId": 2,
      "is_deleted": false,
      "null_value": null,
      "raw": {
        "key": "value",
      },
      "undefined_value": null,
    },
  ],
}
`;

exports[`custom schema: upsert composite keys infer table schema 1`] = `
[
  "CREATE TABLE "transaction" (
	"id" text,
	"intId" integer,
	"amount" double precision,
	"is_deleted" boolean,
	"raw" jsonb,
	"array_value" jsonb,
	"null_value" jsonb,
	"undefined_value" jsonb
);
",
  "CREATE UNIQUE INDEX "transaction_upsert_keys" ON "transaction" USING btree ("id","is_deleted");",
]
`;

exports[`custom schema: upsert single key destinationSync 1`] = `
{
  "tre": [
    {
      "id": 5,
      "name": "B",
    },
  ],
}
`;

exports[`custom schema: upsert single key infer table schema 1`] = `
[
  "CREATE TABLE "tre" (
	"id" integer,
	"name" text
);
",
  "CREATE UNIQUE INDEX "tre_upsert_keys" ON "tre" USING btree ("id");",
]
`;
